// Jest Snapshot v1, https://goo.gl/fbAQLP

exports[`renders UserTask component correctly 1`] = `
<DocumentFragment>
  <div
    class="usertask"
  >
    <button
      class="usertask__button"
      type="button"
    >
      Done!
    </button>
    <p
      class="usertask__name"
    />
  </div>
</DocumentFragment>
`;
